<area shape="rect" href="$smbstatus_8h.html" title="smbstatus.h" alt="" coords="1677,231,1771,255">
<area shape="rect" href="$instances__dlg_8h.html" title="instances_dlg.h" alt="" coords="705,82,817,106">
<area shape="rect" href="$main__windows_8h.html" title="main_windows.h" alt="" coords="932,82,1047,106">
<area shape="rect" href="$linecore_8h.html" title="linecore.h" alt="" coords="1685,306,1763,330">
<area shape="rect" href="$login__windows_8h.html" title="login_windows.h" alt="" coords="720,156,835,180">
<area shape="rect" href="$configure__windows_8h.html" title="configure_windows.h" alt="" coords="1216,156,1357,180">
<area shape="rect" href="$mainwindows_8h.html" title="mainwindows.h" alt="" coords="859,156,968,180">
<area shape="rect" href="$log_8h.html" title="log.h" alt="" coords="707,231,755,255">
<area shape="rect" href="$client_2server_8h.html" title="server.h" alt="" coords="759,306,825,330">
<area shape="rect" href="$core__syntax_8h.html" title="../common/core_syntax.h" alt="" coords="829,231,997,255">
<area shape="rect" href="$machine_8h.html" title="machine.h" alt="" coords="752,380,832,404">
<area shape="rect" href="$user_8h.html" title="user.h" alt="" coords="764,455,820,479">
<area shape="rect" href="$service_8h.html" title="service.h" alt="" coords="755,530,829,554">
