<area shape="rect" href="$log_8h.html" title="client/log.h" alt="" coords="192,81,275,105">
<area shape="rect" href="$mainwindows_8h.html" title="client/mainwindows.h" alt="" coords="240,156,384,180">
<area shape="rect" href="$client_2server_8cpp.html" title="client/server.cpp" alt="" coords="349,81,464,105">
<area shape="rect" href="$log_8cpp.html" title="client/log.cpp" alt="" coords="117,156,216,180">
<area shape="rect" href="$main__windows_8h.html" title="client/main_windows.h" alt="" coords="57,231,209,255">
<area shape="rect" href="$mainwindows_8cpp.html" title="client/mainwindows.cpp" alt="" coords="233,231,391,255">
<area shape="rect" href="$lmain__windows_8h.html" title="light/lmain_windows.h" alt="" coords="415,231,561,255">
<area shape="rect" href="$client_2main_8cpp.html" title="client/main.cpp" alt="" coords="5,305,115,329">
<area shape="rect" href="$main__windows_8cpp.html" title="client/main_windows.cpp" alt="" coords="139,305,304,329">
<area shape="rect" href="$lmain__windows_8cpp.html" title="light/lmain_windows.cpp" alt="" coords="368,305,528,329">
<area shape="rect" href="$light_2main_8cpp.html" title="light/main.cpp" alt="" coords="552,305,653,329">
