<area shape="rect" href="$smbstatus_8h.html" title="smbstatus.h" alt="" coords="215,156,308,180">
<area shape="rect" href="$instances__dlg_8h.html" title="instances_dlg.h" alt="" coords="5,81,117,105">
<area shape="rect" href="$main__windows_8h.html" title="main_windows.h" alt="" coords="951,81,1065,105">
<area shape="rect" href="$linecore_8h.html" title="linecore.h" alt="" coords="223,231,300,255">
<area shape="rect" href="$login__windows_8h.html" title="login_windows.h" alt="" coords="1199,156,1313,180">
<area shape="rect" href="$configure__windows_8h.html" title="configure_windows.h" alt="" coords="1337,156,1479,180">
<area shape="rect" href="$log_8h.html" title="log.h" alt="" coords="1503,156,1551,180">
<area shape="rect" href="$client_2server_8h.html" title="server.h" alt="" coords="1607,231,1673,255">
<area shape="rect" href="$core__syntax_8h.html" title="../common/core_syntax.h" alt="" coords="1625,156,1793,180">
<area shape="rect" href="$machine_8h.html" title="machine.h" alt="" coords="1600,305,1680,329">
<area shape="rect" href="$user_8h.html" title="user.h" alt="" coords="1612,380,1668,404">
<area shape="rect" href="$service_8h.html" title="service.h" alt="" coords="1603,455,1677,479">
