<area shape="rect" href="$mainwindows_8h.html" title="client/mainwindows.h" alt="" coords="275,81,419,105">
<area shape="rect" href="$main__windows_8cpp.html" title="client/main_windows.cpp" alt="" coords="468,230,633,254">
<area shape="rect" href="$core__syntax_8cpp.html" title="common/core_syntax.cpp" alt="" coords="585,81,756,105">
<area shape="rect" href="$clientsocket_8cpp.html" title="server/clientsocket.cpp" alt="" coords="780,81,935,105">
<area shape="rect" href="$main__windows_8h.html" title="client/main_windows.h" alt="" coords="357,156,509,180">
<area shape="rect" href="$mainwindows_8cpp.html" title="client/mainwindows.cpp" alt="" coords="5,156,163,180">
<area shape="rect" href="$lmain__windows_8h.html" title="light/lmain_windows.h" alt="" coords="187,156,333,180">
<area shape="rect" href="$client_2main_8cpp.html" title="client/main.cpp" alt="" coords="335,230,444,254">
<area shape="rect" href="$lmain__windows_8cpp.html" title="light/lmain_windows.cpp" alt="" coords="25,230,185,254">
<area shape="rect" href="$light_2main_8cpp.html" title="light/main.cpp" alt="" coords="209,230,311,254">
