<area shape="rect" href="$classQDialog.html" title="QDialog" alt="" coords="17,102,84,126">
<area shape="rect" href="$classconfigure__windows.html" title="Configure Qtsmbstatus&#45;Client." alt="" coords="145,54,276,78">
<area shape="rect" href="$classconfigure__windowsl.html" title="Configure Qtsmbstatus&#45;Light." alt="" coords="144,6,277,30">
<area shape="rect" href="$classinstances__dlg.html" title="dialog box for debug only" alt="" coords="160,102,261,126">
<area shape="rect" href="$classLogForm.html" title="Form to view CIFS/SMB activities." alt="" coords="175,150,247,174">
<area shape="rect" href="$classlogin__windows.html" title="InputBox login and password." alt="" coords="159,198,263,222">
<area shape="rect" href="$classUi_1_1configure.html" title="configure" alt="" coords="13,30,88,54">
<area shape="rect" href="$classUi_1_1logform.html" title="logform" alt="" coords="19,150,83,174">
<area shape="rect" href="$classUi_1_1login__dialog.html" title="login_dialog" alt="" coords="7,198,95,222">
