<area shape="rect" href="$smbstatus_8h.html" title="../client/smbstatus.h" alt="" coords="1468,231,1607,255">
<area shape="rect" href="$instances__dlg_8h.html" title="../client/instances_dlg.h" alt="" coords="1361,82,1521,106">
<area shape="rect" href="$process__smbd__exist_8h.html" title="../server/process_smbd_exist.h" alt="" coords="1596,156,1799,180">
<area shape="rect" href="$sendmessage__manager_8h.html" title="../server/sendmessage_manager.h" alt="" coords="2129,231,2351,255">
<area shape="rect" href="$smbmanager_8h.html" title="../server/smbmanager.h" alt="" coords="2375,231,2532,255">
<area shape="rect" href="$lmain__windows_8h.html" title="lmain_windows.h" alt="" coords="1776,82,1896,106">
<area shape="rect" href="$linecore_8h.html" title="linecore.h" alt="" coords="1381,306,1459,330">
<area shape="rect" href="$disconnect__manager_8h.html" title="disconnect_manager.h" alt="" coords="1732,231,1884,255">
<area shape="rect" href="$configure__windowsl_8h.html" title="configure_windowsl.h" alt="" coords="1916,156,2060,180">
<area shape="rect" href="$mainwindows_8h.html" title="../client/mainwindows.h" alt="" coords="908,156,1063,180">
<area shape="rect" href="$log_8h.html" title="log.h" alt="" coords="204,231,252,255">
<area shape="rect" href="$client_2server_8h.html" title="server.h" alt="" coords="109,306,176,330">
<area shape="rect" href="$core__syntax_8h.html" title="../common/core_syntax.h" alt="" coords="276,231,444,255">
<area shape="rect" href="$machine_8h.html" title="machine.h" alt="" coords="103,380,183,404">
<area shape="rect" href="$user_8h.html" title="user.h" alt="" coords="115,455,171,479">
<area shape="rect" href="$service_8h.html" title="service.h" alt="" coords="105,530,180,554">
