<area shape="rect" href="$linecore_8cpp.html" title="client/linecore.cpp" alt="" coords="353,81,479,105">
<area shape="rect" href="$smbstatus_8h.html" title="client/smbstatus.h" alt="" coords="503,81,631,105">
<area shape="rect" href="$client_2main_8cpp.html" title="client/main.cpp" alt="" coords="5,305,115,329">
<area shape="rect" href="$mainwindows_8h.html" title="client/mainwindows.h" alt="" coords="352,156,496,180">
<area shape="rect" href="$light_2main_8cpp.html" title="light/main.cpp" alt="" coords="588,305,689,329">
<area shape="rect" href="$smbstatus_8cpp.html" title="client/smbstatus.cpp" alt="" coords="676,156,817,180">
<area shape="rect" href="$main__windows_8h.html" title="client/main_windows.h" alt="" coords="97,231,249,255">
<area shape="rect" href="$mainwindows_8cpp.html" title="client/mainwindows.cpp" alt="" coords="273,231,431,255">
<area shape="rect" href="$lmain__windows_8h.html" title="light/lmain_windows.h" alt="" coords="455,231,601,255">
<area shape="rect" href="$main__windows_8cpp.html" title="client/main_windows.cpp" alt="" coords="139,305,304,329">
<area shape="rect" href="$lmain__windows_8cpp.html" title="light/lmain_windows.cpp" alt="" coords="404,305,564,329">
