<area shape="rect" href="$lmain__windows_8h.html" title="lmain_windows.h" alt="" coords="1744,82,1864,106">
<area shape="rect" href="$configure__windowsl_8h.html" title="configure_windowsl.h" alt="" coords="409,156,553,180">
<area shape="rect" href="$mainwindows_8h.html" title="../client/mainwindows.h" alt="" coords="979,156,1133,180">
<area shape="rect" href="$smbmanager_8h.html" title="../server/smbmanager.h" alt="" coords="1853,231,2011,255">
<area shape="rect" href="$sendmessage__manager_8h.html" title="../server/sendmessage_manager.h" alt="" coords="1608,231,1829,255">
<area shape="rect" href="$process__smbd__exist_8h.html" title="../server/process_smbd_exist.h" alt="" coords="1972,156,2175,180">
<area shape="rect" href="$disconnect__manager_8h.html" title="disconnect_manager.h" alt="" coords="2136,231,2288,255">
<area shape="rect" href="$log_8h.html" title="log.h" alt="" coords="1032,231,1080,255">
<area shape="rect" href="$client_2server_8h.html" title="server.h" alt="" coords="1053,306,1120,330">
<area shape="rect" href="$smbstatus_8h.html" title="smbstatus.h" alt="" coords="1155,231,1248,255">
<area shape="rect" href="$core__syntax_8h.html" title="../common/core_syntax.h" alt="" coords="549,231,717,255">
<area shape="rect" href="$machine_8h.html" title="machine.h" alt="" coords="976,380,1056,404">
<area shape="rect" href="$user_8h.html" title="user.h" alt="" coords="975,455,1031,479">
<area shape="rect" href="$service_8h.html" title="service.h" alt="" coords="939,530,1013,554">
<area shape="rect" href="$linecore_8h.html" title="linecore.h" alt="" coords="1169,306,1247,330">
