<area shape="rect" href="$configure__windowsl_8h.html" title="configure_windowsl.h" alt="" coords="409,81,553,105">
<area shape="rect" href="$mainwindows_8h.html" title="../client/mainwindows.h" alt="" coords="979,81,1133,105">
<area shape="rect" href="$smbmanager_8h.html" title="../server/smbmanager.h" alt="" coords="1853,156,2011,180">
<area shape="rect" href="$sendmessage__manager_8h.html" title="../server/sendmessage_manager.h" alt="" coords="1608,156,1829,180">
<area shape="rect" href="$process__smbd__exist_8h.html" title="../server/process_smbd_exist.h" alt="" coords="1972,81,2175,105">
<area shape="rect" href="$disconnect__manager_8h.html" title="disconnect_manager.h" alt="" coords="2136,156,2288,180">
<area shape="rect" href="$log_8h.html" title="log.h" alt="" coords="1032,156,1080,180">
<area shape="rect" href="$client_2server_8h.html" title="server.h" alt="" coords="1053,231,1120,255">
<area shape="rect" href="$smbstatus_8h.html" title="smbstatus.h" alt="" coords="1155,156,1248,180">
<area shape="rect" href="$core__syntax_8h.html" title="../common/core_syntax.h" alt="" coords="549,156,717,180">
<area shape="rect" href="$machine_8h.html" title="machine.h" alt="" coords="976,305,1056,329">
<area shape="rect" href="$user_8h.html" title="user.h" alt="" coords="975,380,1031,404">
<area shape="rect" href="$service_8h.html" title="service.h" alt="" coords="939,455,1013,479">
<area shape="rect" href="$linecore_8h.html" title="linecore.h" alt="" coords="1169,231,1247,255">
