<area shape="rect" href="$client_2server_8h.html" title="client/server.h" alt="" coords="261,82,363,106">
<area shape="rect" href="$machine_8cpp.html" title="client/machine.cpp" alt="" coords="387,82,517,106">
<area shape="rect" href="$log_8h.html" title="client/log.h" alt="" coords="192,156,275,180">
<area shape="rect" href="$mainwindows_8h.html" title="client/mainwindows.h" alt="" coords="240,231,384,255">
<area shape="rect" href="$client_2server_8cpp.html" title="client/server.cpp" alt="" coords="349,156,464,180">
<area shape="rect" href="$log_8cpp.html" title="client/log.cpp" alt="" coords="117,231,216,255">
<area shape="rect" href="$main__windows_8h.html" title="client/main_windows.h" alt="" coords="57,306,209,330">
<area shape="rect" href="$mainwindows_8cpp.html" title="client/mainwindows.cpp" alt="" coords="233,306,391,330">
<area shape="rect" href="$lmain__windows_8h.html" title="light/lmain_windows.h" alt="" coords="415,306,561,330">
<area shape="rect" href="$client_2main_8cpp.html" title="client/main.cpp" alt="" coords="5,380,115,404">
<area shape="rect" href="$main__windows_8cpp.html" title="client/main_windows.cpp" alt="" coords="139,380,304,404">
<area shape="rect" href="$lmain__windows_8cpp.html" title="light/lmain_windows.cpp" alt="" coords="368,380,528,404">
<area shape="rect" href="$light_2main_8cpp.html" title="light/main.cpp" alt="" coords="552,380,653,404">
