<area shape="rect" href="$login__windows_8h.html" title="login_windows.h" alt="" coords="1120,81,1235,105">
<area shape="rect" href="$configure__windows_8h.html" title="configure_windows.h" alt="" coords="1259,81,1400,105">
<area shape="rect" href="$log_8h.html" title="log.h" alt="" coords="1424,81,1472,105">
<area shape="rect" href="$client_2server_8h.html" title="server.h" alt="" coords="1476,156,1543,180">
<area shape="rect" href="$smbstatus_8h.html" title="smbstatus.h" alt="" coords="1563,81,1656,105">
<area shape="rect" href="$core__syntax_8h.html" title="../common/core_syntax.h" alt="" coords="1680,81,1848,105">
<area shape="rect" href="$machine_8h.html" title="machine.h" alt="" coords="1451,230,1531,254">
<area shape="rect" href="$user_8h.html" title="user.h" alt="" coords="1453,305,1509,329">
<area shape="rect" href="$service_8h.html" title="service.h" alt="" coords="1436,380,1511,404">
<area shape="rect" href="$linecore_8h.html" title="linecore.h" alt="" coords="1676,156,1753,180">
