<area shape="rect" href="$core__syntax_8h.html" title="../common/core_syntax.h" alt="" coords="5,156,173,180">
<area shape="rect" href="$main__windows_8h.html" title="main_windows.h" alt="" coords="809,81,924,105">
<area shape="rect" href="$login__windows_8h.html" title="login_windows.h" alt="" coords="1184,156,1299,180">
<area shape="rect" href="$configure__windows_8h.html" title="configure_windows.h" alt="" coords="1323,156,1464,180">
<area shape="rect" href="$log_8h.html" title="log.h" alt="" coords="1488,156,1536,180">
<area shape="rect" href="$client_2server_8h.html" title="server.h" alt="" coords="1540,231,1607,255">
<area shape="rect" href="$smbstatus_8h.html" title="smbstatus.h" alt="" coords="1627,156,1720,180">
<area shape="rect" href="$machine_8h.html" title="machine.h" alt="" coords="1515,305,1595,329">
<area shape="rect" href="$user_8h.html" title="user.h" alt="" coords="1517,380,1573,404">
<area shape="rect" href="$service_8h.html" title="service.h" alt="" coords="1500,455,1575,479">
<area shape="rect" href="$linecore_8h.html" title="linecore.h" alt="" coords="1740,231,1817,255">
