<area shape="rect" href="$core__syntax_8h.html" title="../common/core_syntax.h" alt="" coords="1603,231,1771,255">
<area shape="rect" href="$main__windows_8h.html" title="main_windows.h" alt="" coords="707,82,821,106">
<area shape="rect" href="$login__windows_8h.html" title="login_windows.h" alt="" coords="167,156,281,180">
<area shape="rect" href="$configure__windows_8h.html" title="configure_windows.h" alt="" coords="693,156,835,180">
<area shape="rect" href="$mainwindows_8h.html" title="mainwindows.h" alt="" coords="996,156,1105,180">
<area shape="rect" href="$log_8h.html" title="log.h" alt="" coords="1027,231,1075,255">
<area shape="rect" href="$client_2server_8h.html" title="server.h" alt="" coords="1044,306,1111,330">
<area shape="rect" href="$smbstatus_8h.html" title="smbstatus.h" alt="" coords="1149,231,1243,255">
<area shape="rect" href="$machine_8h.html" title="machine.h" alt="" coords="983,380,1063,404">
<area shape="rect" href="$user_8h.html" title="user.h" alt="" coords="961,455,1017,479">
<area shape="rect" href="$service_8h.html" title="service.h" alt="" coords="921,530,996,554">
<area shape="rect" href="$linecore_8h.html" title="linecore.h" alt="" coords="1205,306,1283,330">
