<area shape="rect" href="$login__windows_8h.html" title="login_windows.h" alt="" coords="120,81,235,105">
<area shape="rect" href="$configure__windows_8h.html" title="configure_windows.h" alt="" coords="259,81,400,105">
<area shape="rect" href="$mainwindows_8h.html" title="mainwindows.h" alt="" coords="1007,81,1116,105">
<area shape="rect" href="$log_8h.html" title="log.h" alt="" coords="1179,156,1227,180">
<area shape="rect" href="$client_2server_8h.html" title="server.h" alt="" coords="1169,231,1236,255">
<area shape="rect" href="$smbstatus_8h.html" title="smbstatus.h" alt="" coords="1301,156,1395,180">
<area shape="rect" href="$core__syntax_8h.html" title="../common/core_syntax.h" alt="" coords="1419,156,1587,180">
<area shape="rect" href="$machine_8h.html" title="machine.h" alt="" coords="1144,305,1224,329">
<area shape="rect" href="$user_8h.html" title="user.h" alt="" coords="1137,380,1193,404">
<area shape="rect" href="$service_8h.html" title="service.h" alt="" coords="1097,455,1172,479">
<area shape="rect" href="$linecore_8h.html" title="linecore.h" alt="" coords="1420,231,1497,255">
