<area shape="rect" href="$user_8h.html" title="client/user.h" alt="" coords="392,81,483,105">
<area shape="rect" href="$instances__dlg_8cpp.html" title="client/instances_dlg.cpp" alt="" coords="399,305,559,329">
<area shape="rect" href="$service_8cpp.html" title="client/service.cpp" alt="" coords="585,81,708,105">
<area shape="rect" href="$machine_8h.html" title="client/machine.h" alt="" coords="217,156,332,180">
<area shape="rect" href="$user_8cpp.html" title="client/user.cpp" alt="" coords="356,156,460,180">
<area shape="rect" href="$client_2server_8h.html" title="client/server.h" alt="" coords="153,230,255,254">
<area shape="rect" href="$machine_8cpp.html" title="client/machine.cpp" alt="" coords="279,230,409,254">
<area shape="rect" href="$log_8h.html" title="client/log.h" alt="" coords="84,305,167,329">
<area shape="rect" href="$main__windows_8h.html" title="client/main_windows.h" alt="" coords="128,380,280,404">
<area shape="rect" href="$client_2server_8cpp.html" title="client/server.cpp" alt="" coords="241,305,356,329">
<area shape="rect" href="$log_8cpp.html" title="client/log.cpp" alt="" coords="5,380,104,404">
<area shape="rect" href="$client_2main_8cpp.html" title="client/main.cpp" alt="" coords="68,454,177,478">
<area shape="rect" href="$main__windows_8cpp.html" title="client/main_windows.cpp" alt="" coords="201,454,367,478">
