<area shape="rect" href="$user_8h.html" title="client/user.h" alt="" coords="403,81,493,105">
<area shape="rect" href="$service_8cpp.html" title="client/service.cpp" alt="" coords="517,81,640,105">
<area shape="rect" href="$machine_8h.html" title="client/machine.h" alt="" coords="324,156,439,180">
<area shape="rect" href="$user_8cpp.html" title="client/user.cpp" alt="" coords="463,156,567,180">
<area shape="rect" href="$client_2server_8h.html" title="client/server.h" alt="" coords="261,231,363,255">
<area shape="rect" href="$machine_8cpp.html" title="client/machine.cpp" alt="" coords="387,231,517,255">
<area shape="rect" href="$log_8h.html" title="client/log.h" alt="" coords="192,305,275,329">
<area shape="rect" href="$mainwindows_8h.html" title="client/mainwindows.h" alt="" coords="240,380,384,404">
<area shape="rect" href="$client_2server_8cpp.html" title="client/server.cpp" alt="" coords="349,305,464,329">
<area shape="rect" href="$log_8cpp.html" title="client/log.cpp" alt="" coords="117,380,216,404">
<area shape="rect" href="$main__windows_8h.html" title="client/main_windows.h" alt="" coords="57,455,209,479">
<area shape="rect" href="$mainwindows_8cpp.html" title="client/mainwindows.cpp" alt="" coords="233,455,391,479">
<area shape="rect" href="$lmain__windows_8h.html" title="light/lmain_windows.h" alt="" coords="415,455,561,479">
<area shape="rect" href="$client_2main_8cpp.html" title="client/main.cpp" alt="" coords="5,529,115,553">
<area shape="rect" href="$main__windows_8cpp.html" title="client/main_windows.cpp" alt="" coords="139,529,304,553">
<area shape="rect" href="$lmain__windows_8cpp.html" title="light/lmain_windows.cpp" alt="" coords="368,529,528,553">
<area shape="rect" href="$light_2main_8cpp.html" title="light/main.cpp" alt="" coords="552,529,653,553">
