<area shape="rect" href="$instances__dlg_8cpp.html" title="client/instances_dlg.cpp" alt="" coords="5,231,165,255">
<area shape="rect" href="$machine_8h.html" title="client/machine.h" alt="" coords="148,82,263,106">
<area shape="rect" href="$user_8cpp.html" title="client/user.cpp" alt="" coords="287,82,391,106">
<area shape="rect" href="$client_2server_8h.html" title="client/server.h" alt="" coords="179,156,280,180">
<area shape="rect" href="$machine_8cpp.html" title="client/machine.cpp" alt="" coords="304,156,435,180">
<area shape="rect" href="$log_8h.html" title="client/log.h" alt="" coords="189,231,272,255">
<area shape="rect" href="$main__windows_8h.html" title="client/main_windows.h" alt="" coords="233,306,385,330">
<area shape="rect" href="$client_2server_8cpp.html" title="client/server.cpp" alt="" coords="347,231,461,255">
<area shape="rect" href="$log_8cpp.html" title="client/log.cpp" alt="" coords="111,306,209,330">
<area shape="rect" href="$client_2main_8cpp.html" title="client/main.cpp" alt="" coords="173,380,283,404">
<area shape="rect" href="$main__windows_8cpp.html" title="client/main_windows.cpp" alt="" coords="307,380,472,404">
