<area shape="rect" href="$machine_8h.html" title="client/machine.h" alt="" coords="324,81,439,105">
<area shape="rect" href="$user_8cpp.html" title="client/user.cpp" alt="" coords="463,81,567,105">
<area shape="rect" href="$client_2server_8h.html" title="client/server.h" alt="" coords="261,156,363,180">
<area shape="rect" href="$machine_8cpp.html" title="client/machine.cpp" alt="" coords="387,156,517,180">
<area shape="rect" href="$log_8h.html" title="client/log.h" alt="" coords="192,230,275,254">
<area shape="rect" href="$mainwindows_8h.html" title="client/mainwindows.h" alt="" coords="240,305,384,329">
<area shape="rect" href="$client_2server_8cpp.html" title="client/server.cpp" alt="" coords="349,230,464,254">
<area shape="rect" href="$log_8cpp.html" title="client/log.cpp" alt="" coords="117,305,216,329">
<area shape="rect" href="$main__windows_8h.html" title="client/main_windows.h" alt="" coords="57,380,209,404">
<area shape="rect" href="$mainwindows_8cpp.html" title="client/mainwindows.cpp" alt="" coords="233,380,391,404">
<area shape="rect" href="$lmain__windows_8h.html" title="light/lmain_windows.h" alt="" coords="415,380,561,404">
<area shape="rect" href="$client_2main_8cpp.html" title="client/main.cpp" alt="" coords="5,454,115,478">
<area shape="rect" href="$main__windows_8cpp.html" title="client/main_windows.cpp" alt="" coords="139,454,304,478">
<area shape="rect" href="$lmain__windows_8cpp.html" title="light/lmain_windows.cpp" alt="" coords="368,454,528,478">
<area shape="rect" href="$light_2main_8cpp.html" title="light/main.cpp" alt="" coords="552,454,653,478">
